// Jest Snapshot v1, https://goo.gl/fbAQLP

exports[`Sidebar component test snapshot should match snapshot 1`] = `
<Sider
  breakpoint="xs"
  className="sidebarContainer"
  collapsedWidth="0"
  width={210}
>
  <Menu
    className="sidebarMenus"
    mode="inline"
    selectedKeys={
      Array [
        "0",
      ]
    }
  />
</Sider>
`;
