// Jest Snapshot v1, https://goo.gl/fbAQLP

exports[`SearchInput component test snapshot  should render correctly 1`] = `
<Space
  direction="vertical"
>
  <Search
    allowClear={true}
    onSearch={[Function]}
    placeholder="input search text"
    style={
      Object {
        "padding": "0 1rem .5rem 0",
        "width": 200,
      }
    }
  />
</Space>
`;
